// Vitest Snapshot v1

exports[`Table_header_cell$ > End renders 1`] = `"<th class=\\"workflows-summary-table-header-cell svelte-1q2ffog\\" data-testid=\\"workflows-summary-table-header-cell-End\\">End</th>"`;

exports[`Table_header_cell$ > Execution Duration renders 1`] = `"<th class=\\"workflows-summary-table-header-cell svelte-1q2ffog\\" data-testid=\\"workflows-summary-table-header-cell-Execution Duration\\">Execution Duration</th>"`;

exports[`Table_header_cell$ > Execution Time renders 1`] = `"<th class=\\"workflows-summary-table-header-cell svelte-1q2ffog\\" data-testid=\\"workflows-summary-table-header-cell-Execution Time\\">Execution Time</th>"`;

exports[`Table_header_cell$ > History Length renders 1`] = `"<th class=\\"workflows-summary-table-header-cell svelte-1q2ffog\\" data-testid=\\"workflows-summary-table-header-cell-History Length\\">History Length</th>"`;

exports[`Table_header_cell$ > History Size renders 1`] = `"<th class=\\"workflows-summary-table-header-cell svelte-1q2ffog\\" data-testid=\\"workflows-summary-table-header-cell-History Size\\">History Size</th>"`;

exports[`Table_header_cell$ > Parent Namespace renders 1`] = `"<th class=\\"workflows-summary-table-header-cell svelte-1q2ffog\\" data-testid=\\"workflows-summary-table-header-cell-Parent Namespace\\">Parent Namespace</th>"`;

exports[`Table_header_cell$ > Parent Workflow ID renders 1`] = `"<th class=\\"workflows-summary-table-header-cell svelte-1q2ffog\\" data-testid=\\"workflows-summary-table-header-cell-Parent Workflow ID\\">Parent Workflow ID</th>"`;

exports[`Table_header_cell$ > Run ID renders 1`] = `"<th class=\\"workflows-summary-table-header-cell svelte-1q2ffog\\" data-testid=\\"workflows-summary-table-header-cell-Run ID\\"><div><div class=\\"relative inline\\" data-testid=\\"run-id-filter-button\\"><button type=\\"button\\" class=\\"icon-button svelte-1vs3on1\\" data-testid=\\"run-id-filter-button-button\\"><div class=\\"flex items-center gap-1 truncate svelte-1o0pqx5\\">Run ID <svg width=\\"20\\" height=\\"20\\" viewBox=\\"0 0 24 24\\" fill=\\"none\\" xmlns=\\"http://www.w3.org/2000/svg\\" class=\\"pointer-events-none\\"><title></title><path d=\\"M5.5 7.5H18.5C18.75 7.5 19 7.28125 19 7.03125C19 6.78125 18.75 6.5 18.5 6.5H5.5C5.21875 6.5 5 6.75 5 7C5 7.25 5.21875 7.5 5.5 7.5ZM16.5 11.5H7.5C7.21875 11.5 7 11.75 7 12C7 12.2812 7.21875 12.5 7.5 12.5H16.5C16.75 12.5 17 12.2812 17 12.0312C17 11.75 16.75 11.5 16.5 11.5ZM13.5 16.5H10.5C10.2188 16.5 10 16.75 10 17C10 17.25 10.2188 17.5 10.5 17.5H13.5C13.75 17.5 14 17.2812 14 17.0312C14 16.7812 13.75 16.5 13.5 16.5Z\\" fill=\\"currentcolor\\"></path></svg></div></button> </div> </div></th>"`;

exports[`Table_header_cell$ > Start renders 1`] = `"<th class=\\"workflows-summary-table-header-cell svelte-1q2ffog\\" data-testid=\\"workflows-summary-table-header-cell-Start\\">Start</th>"`;

exports[`Table_header_cell$ > State Transitions renders 1`] = `"<th class=\\"workflows-summary-table-header-cell svelte-1q2ffog\\" data-testid=\\"workflows-summary-table-header-cell-State Transitions\\">State Transitions</th>"`;

exports[`Table_header_cell$ > Status renders 1`] = `"<th class=\\"workflows-summary-table-header-cell svelte-1q2ffog\\" data-testid=\\"workflows-summary-table-header-cell-Status\\"><div><div class=\\"relative inline\\" data-testid=\\"execution-status-filter\\"><button type=\\"button\\" class=\\"icon-button svelte-1vs3on1\\" data-testid=\\"execution-status-filter-button\\"><div class=\\"flex items-center gap-1 truncate svelte-1o0pqx5\\">Status <svg width=\\"20\\" height=\\"20\\" viewBox=\\"0 0 24 24\\" fill=\\"none\\" xmlns=\\"http://www.w3.org/2000/svg\\" class=\\"pointer-events-none\\"><title></title><path d=\\"M5.5 7.5H18.5C18.75 7.5 19 7.28125 19 7.03125C19 6.78125 18.75 6.5 18.5 6.5H5.5C5.21875 6.5 5 6.75 5 7C5 7.25 5.21875 7.5 5.5 7.5ZM16.5 11.5H7.5C7.21875 11.5 7 11.75 7 12C7 12.2812 7.21875 12.5 7.5 12.5H16.5C16.75 12.5 17 12.2812 17 12.0312C17 11.75 16.75 11.5 16.5 11.5ZM13.5 16.5H10.5C10.2188 16.5 10 16.75 10 17C10 17.25 10.2188 17.5 10.5 17.5H13.5C13.75 17.5 14 17.2812 14 17.0312C14 16.7812 13.75 16.5 13.5 16.5Z\\" fill=\\"currentcolor\\"></path></svg></div></button> </div> </div></th>"`;

exports[`Table_header_cell$ > Task Queue renders 1`] = `"<th class=\\"workflows-summary-table-header-cell svelte-1q2ffog\\" data-testid=\\"workflows-summary-table-header-cell-Task Queue\\">Task Queue</th>"`;

exports[`Table_header_cell$ > Type renders 1`] = `"<th class=\\"workflows-summary-table-header-cell svelte-1q2ffog\\" data-testid=\\"workflows-summary-table-header-cell-Type\\"><div><div class=\\"relative inline\\" data-testid=\\"workflow-type-filter-button\\"><button type=\\"button\\" class=\\"icon-button svelte-1vs3on1\\" data-testid=\\"workflow-type-filter-button-button\\"><div class=\\"flex items-center gap-1 truncate svelte-1o0pqx5\\">Type <svg width=\\"20\\" height=\\"20\\" viewBox=\\"0 0 24 24\\" fill=\\"none\\" xmlns=\\"http://www.w3.org/2000/svg\\" class=\\"pointer-events-none\\"><title></title><path d=\\"M5.5 7.5H18.5C18.75 7.5 19 7.28125 19 7.03125C19 6.78125 18.75 6.5 18.5 6.5H5.5C5.21875 6.5 5 6.75 5 7C5 7.25 5.21875 7.5 5.5 7.5ZM16.5 11.5H7.5C7.21875 11.5 7 11.75 7 12C7 12.2812 7.21875 12.5 7.5 12.5H16.5C16.75 12.5 17 12.2812 17 12.0312C17 11.75 16.75 11.5 16.5 11.5ZM13.5 16.5H10.5C10.2188 16.5 10 16.75 10 17C10 17.25 10.2188 17.5 10.5 17.5H13.5C13.75 17.5 14 17.2812 14 17.0312C14 16.7812 13.75 16.5 13.5 16.5Z\\" fill=\\"currentcolor\\"></path></svg></div></button> </div> </div></th>"`;

exports[`Table_header_cell$ > Workflow ID renders 1`] = `"<th class=\\"workflows-summary-table-header-cell svelte-1q2ffog\\" data-testid=\\"workflows-summary-table-header-cell-Workflow ID\\"><div><div class=\\"relative inline\\" data-testid=\\"workflow-id-filter-button\\"><button type=\\"button\\" class=\\"icon-button svelte-1vs3on1\\" data-testid=\\"workflow-id-filter-button-button\\"><div class=\\"flex items-center gap-1 truncate svelte-1o0pqx5\\">Workflow ID <svg width=\\"20\\" height=\\"20\\" viewBox=\\"0 0 24 24\\" fill=\\"none\\" xmlns=\\"http://www.w3.org/2000/svg\\" class=\\"pointer-events-none\\"><title></title><path d=\\"M5.5 7.5H18.5C18.75 7.5 19 7.28125 19 7.03125C19 6.78125 18.75 6.5 18.5 6.5H5.5C5.21875 6.5 5 6.75 5 7C5 7.25 5.21875 7.5 5.5 7.5ZM16.5 11.5H7.5C7.21875 11.5 7 11.75 7 12C7 12.2812 7.21875 12.5 7.5 12.5H16.5C16.75 12.5 17 12.2812 17 12.0312C17 11.75 16.75 11.5 16.5 11.5ZM13.5 16.5H10.5C10.2188 16.5 10 16.75 10 17C10 17.25 10.2188 17.5 10.5 17.5H13.5C13.75 17.5 14 17.2812 14 17.0312C14 16.7812 13.75 16.5 13.5 16.5Z\\" fill=\\"currentcolor\\"></path></svg></div></button> </div> </div></th>"`;
